LET "let"
MUT "mut"
IDENTIFIER "count"
ASSIGN "="
INTEGER "-42"
SEMICOLON ";"
NEWLINE "\n"
LET "let"
IDENTIFIER "pi"
ASSIGN "="
DECIMAL "3.14"
NEWLINE "\n"
COMMENT "// greeting"
NEWLINE "\n"
LET "let"
IDENTIFIER "name"
ASSIGN "="
STRING ""hi\\n\\"there\\"""
SEMICOLON ";"
NEWLINE "\n"
LET "let"
IDENTIFIER "predicate?"
ASSIGN "="
TRUE "true"
SEMICOLON ";"
NEWLINE "\n"
LET "let"
IDENTIFIER "empty"
ASSIGN "="
NIL "nil"
NEWLINE "\n"
IDENTIFIER "math"
ASSIGN "="
INTEGER "1"
PLUS "+"
INTEGER "2"
MINUS "-"
INTEGER "3"
STAR "*"
INTEGER "4"
SLASH "/"
INTEGER "5"
PERCENT "%"
INTEGER "2"
NEWLINE "\n"
IDENTIFIER "compare"
ASSIGN "="
INTEGER "1"
LESS "<"
INTEGER "2"
LESS_EQUAL "<="
INTEGER "3"
GREATER ">"
INTEGER "2"
GREATER_EQUAL ">="
INTEGER "1"
EQUAL_EQUAL "=="
INTEGER "1"
BANG_EQUAL "!="
INTEGER "2"
NEWLINE "\n"
IDENTIFIER "logic"
ASSIGN "="
TRUE "true"
AMP_AMP "&&"
FALSE "false"
PIPE_PIPE "||"
BANG "!"
FALSE "false"
NEWLINE "\n"
IDENTIFIER "ranges"
ASSIGN "="
INTEGER "1"
DOT_DOT ".."
INTEGER "2"
INTEGER "1"
DOT_DOT_EQUAL "..="
INTEGER "2"
DOT_DOT ".."
IDENTIFIER "rest"
NEWLINE "\n"
IDENTIFIER "pipe"
ASSIGN "="
IDENTIFIER "value"
PIPE_GREATER "|>"
IDENTIFIER "f"
SHIFT_RIGHT ">>"
IDENTIFIER "g"
NEWLINE "\n"
IDENTIFIER "infix"
ASSIGN "="
INTEGER "1"
BACKTICK "`"
IDENTIFIER "add"
BACKTICK "`"
INTEGER "2"
NEWLINE "\n"
IDENTIFIER "dict"
ASSIGN "="
DICT_START "#{"
STRING ""a""
COLON ":"
INTEGER "1"
COMMA ","
IDENTIFIER "b"
COLON ":"
INTEGER "2"
COMMA ","
IDENTIFIER "name"
RBRACE "}"
NEWLINE "\n"
IDENTIFIER "list"
ASSIGN "="
LBRACKET "["
INTEGER "1"
COMMA ","
INTEGER "2"
COMMA ","
INTEGER "3"
RBRACKET "]"
NEWLINE "\n"
IDENTIFIER "block"
ASSIGN "="
LBRACE "{"
RETURN "return"
IDENTIFIER "count"
SEMICOLON ";"
BREAK "break"
NIL "nil"
RBRACE "}"
NEWLINE "\n"
IDENTIFIER "tuple"
ASSIGN "="
LPAREN "("
INTEGER "1"
RPAREN ")"
NEWLINE "\n"
IDENTIFIER "placeholder"
ASSIGN "="
UNDERSCORE "_"
EOF ""