1 + 2 * 3
(+ 1 (* 2 3))

1..5 + 1
(.. 1 (+ 5 1))

a || b && c
(|| a (&& b c))

a == b < c
(== a (< b c))

-foo * 2
(* (- foo) 2)

[1, 2] `includes?` 2
(infix includes? [1, 2] 2)

input |> lines |> map(int)
(|> (|> input lines) (call map int))

_ + 1 >> _ * 2
(>> (+ _ 1) (* _ 2))

1..
(.. 1)

[1, ..rest, 3]
[1, ..rest, 3]

{1, 2, 3}
{1, 2, 3}

#{"a": 1, 2: "b"}
#{"a": 1, 2: "b"}

["hi", 3.14, true, nil]
["hi", 3.14, true, nil]

|x, ..rest| x + 1
(fn [x ..rest] (+ x 1))

map([1, 2]) |x| x * 2
(call map [1, 2] (fn [x] (* x 2)))

[1, 2, 3][0]
(index [1, 2, 3] 0)

x = 1 + 2
(= x (+ 1 2))
